// Jest Snapshot v1, https://goo.gl/fbAQLP

exports[`renders correctly 1`] = `
<div
  className="AppBarNav-root-1"
>
  <header
    className="MuiPaper-root-12 MuiPaper-elevation4-18 MuiAppBar-root-3 MuiAppBar-positionFixed-4 MuiAppBar-colorPrimary-10 mui-fixed"
  >
    <div
      className="MuiToolbar-root-39 MuiToolbar-regular-41 MuiToolbar-gutters-40 AppBarNav-appBar-2"
    >
      <h1
        className="MuiTypography-root-43 MuiTypography-headline-48 MuiTypography-colorInherit-72"
      >
        Good Days
      </h1>
    </div>
  </header>
</div>
`;
